[localhost_8080/index.html]
[backblue.gif]
[fade.gif]
[index.html]
[localhost_8080/wp-json/oembed/1.0/embed2f5c.json]
[localhost_8080/comments/feed/index.html]
[localhost_8080/wp-json/oembed/1.0/embed698f]
[localhost_8080/feed/index.html]
[localhost_8080/wp-content/themes/astra/assets/css/minified/main.min5690.css]
[localhost_8080/wp-content/plugins/latepoint/public/stylesheets/front6e7a.css]
[localhost_8080/wp-content/plugins/elementor/assets/css/frontend.min4d16.css]
[localhost_8080/wp-content/plugins/essential-addons-for-elementor-lite/assets/front-end/css/view/general.min0c8a.css]
[localhost_8080/wp-content/uploads/essential-addons-elementor/eael-178af2.css]
[localhost_8080/wp-content/uploads/elementor/css/post-44386a2.css]
[localhost_8080/wp-content/plugins/elementor/assets/css/widget-heading.min4d16.css]
[localhost_8080/wp-content/plugins/elementor/assets/lib/swiper/v8/css/swiper.min94a4.css]
[localhost_8080/wp-content/plugins/elementor/assets/css/conditionals/e-swiper.min4d16.css]
[localhost_8080/wp-content/plugins/elementor/assets/css/widget-image-carousel.min4d16.css]
[localhost_8080/wp-content/uploads/elementor/css/post-1786a2.css]
[localhost_8080/wp-content/plugins/elementor/assets/lib/font-awesome/css/all.min0c8a.css]
[localhost_8080/wp-content/plugins/elementor/assets/lib/font-awesome/css/v4-shims.min0c8a.css]
[localhost_8080/wp-content/themes/astra/assets/js/minified/flexibility.min5690.js]
[localhost_8080/wp-includes/js/jquery/jquery.minf43b.js]
[localhost_8080/wp-includes/js/jquery/jquery-migrate.min5589.js]
[localhost_8080/wp-includes/js/dist/hooks.minaf5f.js]
[localhost_8080/wp-content/plugins/latepoint/public/javascripts/vendor-front6e7a.js]
[localhost_8080/wp-includes/js/dist/i18n.min1cde.js]
[localhost_8080/wp-content/plugins/latepoint/public/javascripts/front6e7a.js]
[localhost_8080/wp-json/wp/v2/pages/17.json]
[localhost_8080/xmlrpc0db0.php]
[localhost_8080/wp-json/index.html]
[localhost_8080/wp-content/uploads/2026/02/cropped-favicon-v2-32x32.png]
[localhost_8080/wp-content/uploads/2026/02/cropped-favicon-v2-192x192.png]
[localhost_8080/wp-content/uploads/2026/02/cropped-favicon-v2-180x180.png]
[localhost_8080/wp-content/uploads/2026/02/mockup-vendas.png]
[localhost_8080/wp-content/uploads/2026/02/mockup-veiculos.png]
[localhost_8080/wp-content/uploads/2026/02/mockup-cadastrar.png]
[localhost_8080/wp-content/themes/astra/assets/js/minified/frontend.min5690.js]
[localhost_8080/wp-includes/js/dist/dom-ready.min5346.js]
[localhost_8080/wp-content/plugins/astra-sites/inc/lib/onboarding/assets/dist/template-preview/main1006.js]
[localhost_8080/wp-content/plugins/essential-addons-for-elementor-lite/assets/front-end/js/view/general.min.220c8a.delayed]
[localhost_8080/vehicle-classifieds/index.html]
[localhost_8080/landing-page/index.html]
[localhost_8080/informational-system/index.html]
[localhost_8080/privacy-policy/index.html]
[localhost_8080/wp-content/uploads/essential-addons-elementor/eael-178af2.js]
[localhost_8080/wp-content/plugins/elementor/assets/js/webpack.runtime.min4d16.js]
[localhost_8080/terms/index.html]
[localhost_8080/wp-content/plugins/elementor/assets/js/frontend-modules.min4d16.js]
[localhost_8080/wp-includes/js/jquery/ui/core.minb37e.js]
[localhost_8080/wp-content/plugins/elementor/assets/js/frontend.min4d16.js]
[localhost_8080/wp-content/plugins/elementor/assets/lib/swiper/v8/swiper.min94a4.js]
[localhost_8080/index.html]
[localhost_8080/wp-content/themes/astra/assets/css/minified/main.min5690.css]
[localhost_8080/wp-content/plugins/latepoint/public/fonts/latepoint-regular.woff2]
[localhost_8080/wp-content/plugins/latepoint/public/fonts/latepoint-semibold.woff2]
[localhost_8080/wp-content/plugins/latepoint/public/images/apple-logo-compact.png]
[localhost_8080/wp-content/plugins/latepoint/public/images/google-logo-compact.png]
[localhost_8080/wp-content/plugins/latepoint/public/images/outlook-logo-compact.png]
[localhost_8080/wp-content/plugins/latepoint/public/images/office-365-logo-compact.jpg]
[localhost_8080/wp-content/plugins/latepoint/public/images/location-image.png]
[localhost_8080/wp-content/plugins/latepoint/public/images/intl-tel-input/flags.png]
[localhost_8080/wp-content/plugins/latepoint/public/images/intl-tel-input/flags@2x.png]
[localhost_8080/wp-content/plugins/latepoint/public/stylesheets/front6e7a.css]
[localhost_8080/wp-content/plugins/elementor/assets/css/frontend.min4d16.css]
[localhost_8080/wp-content/plugins/essential-addons-for-elementor-lite/assets/front-end/css/view/general.min0c8a.css]
[localhost_8080/wp-content/uploads/essential-addons-elementor/eael-178af2.css]
[localhost_8080/wp-content/uploads/elementor/css/post-44386a2.css]
[localhost_8080/wp-content/plugins/elementor/assets/css/widget-heading.min4d16.css]
[localhost_8080/wp-content/plugins/elementor/assets/lib/swiper/v8/css/swiper.min94a4.css]
[localhost_8080/wp-content/plugins/elementor/assets/css/conditionals/e-swiper.min4d16.css]
[localhost_8080/wp-content/plugins/elementor/assets/css/widget-image-carousel.min4d16.css]
[localhost_8080/wp-content/uploads/elementor/css/post-1786a2.css]
[localhost_8080/wp-content/plugins/elementor/assets/lib/font-awesome/webfonts/fa-brands-400.eot]
[localhost_8080/wp-content/plugins/elementor/assets/lib/font-awesome/webfonts/fa-brands-400.woff2]
[localhost_8080/wp-content/plugins/elementor/assets/lib/font-awesome/webfonts/fa-brands-400d41d.eot]
[localhost_8080/wp-content/plugins/elementor/assets/lib/font-awesome/webfonts/fa-brands-400.woff]
[localhost_8080/wp-content/plugins/elementor/assets/lib/font-awesome/webfonts/fa-brands-400.ttf]
[localhost_8080/wp-content/plugins/elementor/assets/lib/font-awesome/webfonts/fa-regular-400.eot]
[localhost_8080/wp-content/plugins/elementor/assets/lib/font-awesome/webfonts/fa-regular-400d41d.eot]
[localhost_8080/wp-content/plugins/elementor/assets/lib/font-awesome/webfonts/fa-regular-400.woff2]
[localhost_8080/wp-content/plugins/elementor/assets/lib/font-awesome/webfonts/fa-regular-400.woff]
[localhost_8080/wp-content/plugins/elementor/assets/lib/font-awesome/webfonts/fa-regular-400.ttf]
[localhost_8080/wp-content/plugins/elementor/assets/lib/font-awesome/webfonts/fa-solid-900.eot]
[localhost_8080/wp-content/plugins/elementor/assets/lib/font-awesome/webfonts/fa-solid-900d41d.eot]
[localhost_8080/wp-content/plugins/elementor/assets/lib/font-awesome/webfonts/fa-solid-900.woff2]
[localhost_8080/wp-content/plugins/elementor/assets/lib/font-awesome/webfonts/fa-solid-900.woff]
[localhost_8080/wp-content/plugins/elementor/assets/lib/font-awesome/webfonts/fa-solid-900.ttf]
[localhost_8080/wp-content/plugins/elementor/assets/lib/font-awesome/css/all.min0c8a.css]
[localhost_8080/wp-content/plugins/elementor/assets/lib/font-awesome/css/v4-shims.min0c8a.css]
[localhost_8080/wp-content/uploads/2026/02/logo.svg]
[localhost_8080/wp-json/oembed/1.0/embed135d.json]
[localhost_8080/vehicle-classifieds/feed/index.html]
[localhost_8080/wp-json/oembed/1.0/embed36f4]
[localhost_8080/wp-content/uploads/elementor/css/post-12865dd6.css]
[localhost_8080/wp-json/wp/v2/posts/1286.json]
[localhost_8080/wp-includes/js/comment-reply.min4d80.js]
[localhost_8080/vehicle-classifieds/index.html]
[localhost_8080/wp-json/oembed/1.0/embed8537.json]
[localhost_8080/wp-json/oembed/1.0/embed3885]
[localhost_8080/informational-system/feed/index.html]
[localhost_8080/wp-content/uploads/elementor/css/post-13845dd6.css]
[localhost_8080/wp-json/wp/v2/posts/1384.json]
[localhost_8080/informational-system/index.html]
[localhost_8080/wp-json/oembed/1.0/embed3e7d.json]
[localhost_8080/wp-json/oembed/1.0/embedfe01]
[localhost_8080/landing-page/feed/index.html]
[localhost_8080/wp-includes/css/dist/block-library/style.min4d80.css]
[localhost_8080/wp-content/uploads/elementor/css/post-13825dd6.css]
[localhost_8080/wp-json/wp/v2/posts/1382.json]
[localhost_8080/landing-page/index.html]
[localhost_8080/wp-json/oembed/1.0/embed6fcc.json]
[localhost_8080/wp-json/oembed/1.0/embed9011]
[localhost_8080/privacy-policy/feed/index.html]
[localhost_8080/wp-content/uploads/elementor/css/post-386a2.css]
[localhost_8080/wp-json/wp/v2/pages/3.json]
[localhost_8080/privacy-policy/index.html]
[localhost_8080/wp-json/oembed/1.0/embed13a2.json]
[localhost_8080/wp-json/oembed/1.0/embedae9d]
[localhost_8080/wp-content/uploads/elementor/css/post-1450d76c.css]
[localhost_8080/wp-json/wp/v2/pages/1450.json]
[localhost_8080/terms/index.html]
[localhost_8080/wp-content/plugins/elementor/assets/lib/font-awesome/webfonts/fa-brands-400.svg]
[localhost_8080/wp-content/plugins/elementor/assets/lib/font-awesome/webfonts/fa-regular-400.svg]
[localhost_8080/wp-content/plugins/elementor/assets/lib/font-awesome/webfonts/fa-solid-900.svg]
[localhost_8080/wp-content/uploads/elementor/css/post-12865dd6.css]
[localhost_8080/index4488.html]
[localhost_8080/xmlrpc.php]
[localhost_8080/wp-content/uploads/elementor/css/post-13845dd6.css]
[localhost_8080/indexe23a.html]
[localhost_8080/wp-includes/css/dist/block-library/style.min4d80.css]
[localhost_8080/wp-content/uploads/elementor/css/post-13825dd6.css]
[localhost_8080/index68e8.html]
[localhost_8080/wp-content/uploads/elementor/css/post-386a2.css]
[localhost_8080/index2207.html]
[localhost_8080/wp-content/uploads/elementor/css/post-1450d76c.css]
[localhost_8080/index8569.html]
